C51 COMPILER V9.54   DELAY10US                                                             09/09/2021 08:54:33 PAGE 1   


C51 COMPILER V9.54, COMPILATION OF MODULE DELAY10US
OBJECT MODULE PLACED IN .\Objects\Delay10us.obj
COMPILER INVOKED BY: D:\keil5\C51\BIN\C51.EXE Delay10us.c OPTIMIZE(8,SPEED) BROWSE DEBUG OBJECTEXTEND PRINT(.\Listings\D
                    -elay10us.lst) TABS(2) OBJECT(.\Objects\Delay10us.obj)

line level    source

   1          #include <REGX52.H>
   2          
   3          void Delay500us(unsigned int us)    //@11.0592MHz
   4          {
   5   1        unsigned char i;
   6   1        while(us)
   7   1        {
   8   2          i = 227;
   9   2          while (--i)
  10   2          us--;
  11   2        }
  12   1      }


MODULE INFORMATION:   STATIC OVERLAYABLE
   CODE SIZE        =     18    ----
   CONSTANT SIZE    =   ----    ----
   XDATA SIZE       =   ----    ----
   PDATA SIZE       =   ----    ----
   DATA SIZE        =   ----    ----
   IDATA SIZE       =   ----    ----
   BIT SIZE         =   ----    ----
END OF MODULE INFORMATION.


C51 COMPILATION COMPLETE.  0 WARNING(S),  0 ERROR(S)
